#!/bin/zsh -f

function smile {
  echo 'c:'
}

smile
